EMBED RRef<i32> in RRef<i32> -> RRef<i32>
EMBED RRef<i32> in RRef<i32> -> RRef<i32>
