EMBED RRef<i32> in (RRef<i32>, RRef<i32>) -> (RRef<i32>, RRef<i32>)
EMBED RRef<i32> in (RRef<i32>, RRef<i32>) -> (RRef<i32>, RRef<i32>)
EMBED RRef<i32> in &RRef<i32> -> &RRef<i32>
EMBED RRef<i32> in *const RRef<i32> -> *const RRef<i32>
