EMBED [RRef<i32>; 2] -> RRef<[RRef<i32>; 2]>
EMBED (RRef<i32>, RRef<i32>) -> RRef<(RRef<i32>, RRef<i32>)>
EMBED &RRef<i32> -> RRef<Ref>
EMBED MaybeRRef -> RRef<MaybeRRef>
EMBED *const RRef<i32> -> RRef<*const RRef<i32>>
